[2022-01-10T02:39:15.456+0000][gc,heap] Heap region size: 1M
[2022-01-10T02:39:15.463+0000][gc     ] Using G1
[2022-01-10T02:39:15.463+0000][gc,heap,coops] Heap address: 0x00000000c0000000, size: 1024 MB, Compressed Oops mode: 32-bit
[2022-01-10T02:39:16.361+0000][gc,start     ] GC(0) Pause Young (Concurrent Start) (Metadata GC Threshold)
[2022-01-10T02:39:16.362+0000][gc,task      ] GC(0) Using 4 workers of 4 for evacuation
[2022-01-10T02:39:16.371+0000][gc,phases    ] GC(0)   Pre Evacuate Collection Set: 0.0ms
[2022-01-10T02:39:16.372+0000][gc,phases    ] GC(0)   Evacuate Collection Set: 7.9ms
[2022-01-10T02:39:16.373+0000][gc,phases    ] GC(0)   Post Evacuate Collection Set: 0.5ms
[2022-01-10T02:39:16.374+0000][gc,phases    ] GC(0)   Other: 1.6ms
[2022-01-10T02:39:16.374+0000][gc,heap      ] GC(0) Eden regions: 43->0(44)
[2022-01-10T02:39:16.375+0000][gc,heap      ] GC(0) Survivor regions: 0->7(7)
[2022-01-10T02:39:16.375+0000][gc,heap      ] GC(0) Old regions: 0->0
[2022-01-10T02:39:16.376+0000][gc,heap      ] GC(0) Humongous regions: 0->0
[2022-01-10T02:39:16.381+0000][gc,metaspace ] GC(0) Metaspace: 20802K->20802K(1069056K)
[2022-01-10T02:39:16.381+0000][gc           ] GC(0) Pause Young (Concurrent Start) (Metadata GC Threshold) 43M->6M(1024M) 19.931ms
[2022-01-10T02:39:16.382+0000][gc,cpu       ] GC(0) User=0.02s Sys=0.00s Real=0.02s
[2022-01-10T02:39:16.382+0000][gc           ] GC(1) Concurrent Cycle
[2022-01-10T02:39:16.383+0000][gc,marking   ] GC(1) Concurrent Clear Claimed Marks
[2022-01-10T02:39:16.383+0000][gc,marking   ] GC(1) Concurrent Clear Claimed Marks 0.744ms
[2022-01-10T02:39:16.388+0000][gc,marking   ] GC(1) Concurrent Scan Root Regions
[2022-01-10T02:39:16.390+0000][gc,marking   ] GC(1) Concurrent Scan Root Regions 2.552ms
[2022-01-10T02:39:16.392+0000][gc,marking   ] GC(1) Concurrent Mark (0.954s)
[2022-01-10T02:39:16.393+0000][gc,marking   ] GC(1) Concurrent Mark From Roots
[2022-01-10T02:39:16.394+0000][gc,task      ] GC(1) Using 1 workers of 1 for marking
[2022-01-10T02:39:16.395+0000][gc,marking   ] GC(1) Concurrent Mark From Roots 1.959ms
[2022-01-10T02:39:16.396+0000][gc,marking   ] GC(1) Concurrent Preclean
[2022-01-10T02:39:16.397+0000][gc,marking   ] GC(1) Concurrent Preclean 0.715ms
[2022-01-10T02:39:16.398+0000][gc,marking   ] GC(1) Concurrent Mark (0.954s, 0.960s) 5.574ms
[2022-01-10T02:39:16.398+0000][gc,start     ] GC(1) Pause Remark
[2022-01-10T02:39:16.402+0000][gc,stringtable] GC(1) Cleaned string and symbol table, strings: 7640 processed, 0 removed, symbols: 64221 processed, 29 removed
[2022-01-10T02:39:16.403+0000][gc            ] GC(1) Pause Remark 7M->7M(1024M) 4.685ms
[2022-01-10T02:39:16.404+0000][gc,cpu        ] GC(1) User=0.00s Sys=0.00s Real=0.00s
[2022-01-10T02:39:16.404+0000][gc,marking    ] GC(1) Concurrent Rebuild Remembered Sets
[2022-01-10T02:39:16.405+0000][gc,marking    ] GC(1) Concurrent Rebuild Remembered Sets 0.717ms
[2022-01-10T02:39:16.405+0000][gc,start      ] GC(1) Pause Cleanup
[2022-01-10T02:39:16.406+0000][gc            ] GC(1) Pause Cleanup 8M->8M(1024M) 0.817ms
[2022-01-10T02:39:16.407+0000][gc,cpu        ] GC(1) User=0.00s Sys=0.00s Real=0.01s
[2022-01-10T02:39:16.407+0000][gc,marking    ] GC(1) Concurrent Cleanup for Next Mark
[2022-01-10T02:39:16.418+0000][gc,marking    ] GC(1) Concurrent Cleanup for Next Mark 11.098ms
[2022-01-10T02:39:16.420+0000][gc            ] GC(1) Concurrent Cycle 37.274ms
[2022-01-10T02:39:34.826+0000][gc,heap,exit  ] Heap
[2022-01-10T02:39:34.826+0000][gc,heap,exit  ]  garbage-first heap   total 1048576K, used 18024K [0x00000000c0000000, 0x0000000100000000)
[2022-01-10T02:39:34.828+0000][gc,heap,exit  ]   region size 1024K, 19 young (19456K), 7 survivors (7168K)
[2022-01-10T02:39:34.828+0000][gc,heap,exit  ]  Metaspace       used 22824K, capacity 23330K, committed 23548K, reserved 1071104K
[2022-01-10T02:39:34.829+0000][gc,heap,exit  ]   class space    used 2584K, capacity 2794K, committed 2892K, reserved 1048576K
