[2022-01-10T02:38:36.567+0000][gc,heap] Heap region size: 1M
[2022-01-10T02:38:36.573+0000][gc     ] Using G1
[2022-01-10T02:38:36.575+0000][gc,heap,coops] Heap address: 0x00000000c0000000, size: 1024 MB, Compressed Oops mode: 32-bit
[2022-01-10T02:38:37.967+0000][gc,start     ] GC(0) Pause Young (Concurrent Start) (Metadata GC Threshold)
[2022-01-10T02:38:37.968+0000][gc,task      ] GC(0) Using 4 workers of 4 for evacuation
[2022-01-10T02:38:37.974+0000][gc,phases    ] GC(0)   Pre Evacuate Collection Set: 0.0ms
[2022-01-10T02:38:37.975+0000][gc,phases    ] GC(0)   Evacuate Collection Set: 5.1ms
[2022-01-10T02:38:37.976+0000][gc,phases    ] GC(0)   Post Evacuate Collection Set: 0.5ms
[2022-01-10T02:38:37.976+0000][gc,phases    ] GC(0)   Other: 1.9ms
[2022-01-10T02:38:37.977+0000][gc,heap      ] GC(0) Eden regions: 42->0(44)
[2022-01-10T02:38:37.977+0000][gc,heap      ] GC(0) Survivor regions: 0->7(7)
[2022-01-10T02:38:37.978+0000][gc,heap      ] GC(0) Old regions: 0->0
[2022-01-10T02:38:37.978+0000][gc,heap      ] GC(0) Humongous regions: 0->0
[2022-01-10T02:38:37.979+0000][gc,metaspace ] GC(0) Metaspace: 20425K->20425K(1069056K)
[2022-01-10T02:38:37.979+0000][gc           ] GC(0) Pause Young (Concurrent Start) (Metadata GC Threshold) 41M->6M(1024M) 12.829ms
[2022-01-10T02:38:37.980+0000][gc,cpu       ] GC(0) User=0.01s Sys=0.00s Real=0.02s
[2022-01-10T02:38:37.980+0000][gc           ] GC(1) Concurrent Cycle
[2022-01-10T02:38:37.982+0000][gc,marking   ] GC(1) Concurrent Clear Claimed Marks
[2022-01-10T02:38:37.985+0000][gc,marking   ] GC(1) Concurrent Clear Claimed Marks 3.082ms
[2022-01-10T02:38:37.989+0000][gc,marking   ] GC(1) Concurrent Scan Root Regions
[2022-01-10T02:38:37.991+0000][gc,marking   ] GC(1) Concurrent Scan Root Regions 2.604ms
[2022-01-10T02:38:37.992+0000][gc,marking   ] GC(1) Concurrent Mark (1.441s)
[2022-01-10T02:38:37.993+0000][gc,marking   ] GC(1) Concurrent Mark From Roots
[2022-01-10T02:38:37.993+0000][gc,task      ] GC(1) Using 1 workers of 1 for marking
[2022-01-10T02:38:37.994+0000][gc,marking   ] GC(1) Concurrent Mark From Roots 1.895ms
[2022-01-10T02:38:37.995+0000][gc,marking   ] GC(1) Concurrent Preclean
[2022-01-10T02:38:37.996+0000][gc,marking   ] GC(1) Concurrent Preclean 0.778ms
[2022-01-10T02:38:37.996+0000][gc,marking   ] GC(1) Concurrent Mark (1.441s, 1.445s) 4.112ms
[2022-01-10T02:38:37.997+0000][gc,start     ] GC(1) Pause Remark
[2022-01-10T02:38:38.001+0000][gc,stringtable] GC(1) Cleaned string and symbol table, strings: 7586 processed, 0 removed, symbols: 63957 processed, 30 removed
[2022-01-10T02:38:38.002+0000][gc            ] GC(1) Pause Remark 7M->7M(1024M) 4.922ms
[2022-01-10T02:38:38.003+0000][gc,cpu        ] GC(1) User=0.01s Sys=0.00s Real=0.01s
[2022-01-10T02:38:38.003+0000][gc,marking    ] GC(1) Concurrent Rebuild Remembered Sets
[2022-01-10T02:38:38.004+0000][gc,marking    ] GC(1) Concurrent Rebuild Remembered Sets 0.716ms
[2022-01-10T02:38:38.006+0000][gc,start      ] GC(1) Pause Cleanup
[2022-01-10T02:38:38.007+0000][gc            ] GC(1) Pause Cleanup 8M->8M(1024M) 0.762ms
[2022-01-10T02:38:38.008+0000][gc,cpu        ] GC(1) User=0.00s Sys=0.00s Real=0.00s
[2022-01-10T02:38:38.008+0000][gc,marking    ] GC(1) Concurrent Cleanup for Next Mark
[2022-01-10T02:38:38.021+0000][gc,marking    ] GC(1) Concurrent Cleanup for Next Mark 12.520ms
[2022-01-10T02:38:38.022+0000][gc            ] GC(1) Concurrent Cycle 41.168ms
