[2022-01-10T02:04:29.699+0000][gc,heap] Heap region size: 1M
[2022-01-10T02:04:29.706+0000][gc     ] Using G1
[2022-01-10T02:04:29.707+0000][gc,heap,coops] Heap address: 0x00000000c0000000, size: 1024 MB, Compressed Oops mode: 32-bit
[2022-01-10T02:04:31.033+0000][gc,start     ] GC(0) Pause Young (Concurrent Start) (Metadata GC Threshold)
[2022-01-10T02:04:31.034+0000][gc,task      ] GC(0) Using 4 workers of 4 for evacuation
[2022-01-10T02:04:31.043+0000][gc,phases    ] GC(0)   Pre Evacuate Collection Set: 0.0ms
[2022-01-10T02:04:31.044+0000][gc,phases    ] GC(0)   Evacuate Collection Set: 7.3ms
[2022-01-10T02:04:31.044+0000][gc,phases    ] GC(0)   Post Evacuate Collection Set: 0.5ms
[2022-01-10T02:04:31.045+0000][gc,phases    ] GC(0)   Other: 1.7ms
[2022-01-10T02:04:31.046+0000][gc,heap      ] GC(0) Eden regions: 43->0(44)
[2022-01-10T02:04:31.046+0000][gc,heap      ] GC(0) Survivor regions: 0->7(7)
[2022-01-10T02:04:31.047+0000][gc,heap      ] GC(0) Old regions: 0->0
[2022-01-10T02:04:31.048+0000][gc,heap      ] GC(0) Humongous regions: 0->0
[2022-01-10T02:04:31.048+0000][gc,metaspace ] GC(0) Metaspace: 20795K->20795K(1069056K)
[2022-01-10T02:04:31.049+0000][gc           ] GC(0) Pause Young (Concurrent Start) (Metadata GC Threshold) 43M->6M(1024M) 15.358ms
[2022-01-10T02:04:31.049+0000][gc,cpu       ] GC(0) User=0.01s Sys=0.01s Real=0.02s
[2022-01-10T02:04:31.050+0000][gc           ] GC(1) Concurrent Cycle
[2022-01-10T02:04:31.051+0000][gc,marking   ] GC(1) Concurrent Clear Claimed Marks
[2022-01-10T02:04:31.051+0000][gc,marking   ] GC(1) Concurrent Clear Claimed Marks 0.634ms
[2022-01-10T02:04:31.052+0000][gc,marking   ] GC(1) Concurrent Scan Root Regions
[2022-01-10T02:04:31.055+0000][gc,marking   ] GC(1) Concurrent Scan Root Regions 3.449ms
[2022-01-10T02:04:31.056+0000][gc,marking   ] GC(1) Concurrent Mark (1.369s)
[2022-01-10T02:04:31.056+0000][gc,marking   ] GC(1) Concurrent Mark From Roots
[2022-01-10T02:04:31.057+0000][gc,task      ] GC(1) Using 1 workers of 1 for marking
[2022-01-10T02:04:31.059+0000][gc,marking   ] GC(1) Concurrent Mark From Roots 2.700ms
[2022-01-10T02:04:31.060+0000][gc,marking   ] GC(1) Concurrent Preclean
[2022-01-10T02:04:31.064+0000][gc,marking   ] GC(1) Concurrent Preclean 3.957ms
[2022-01-10T02:04:31.065+0000][gc,marking   ] GC(1) Concurrent Mark (1.369s, 1.378s) 9.057ms
[2022-01-10T02:04:31.066+0000][gc,start     ] GC(1) Pause Remark
[2022-01-10T02:04:31.068+0000][gc,stringtable] GC(1) Cleaned string and symbol table, strings: 7649 processed, 0 removed, symbols: 64195 processed, 29 removed
[2022-01-10T02:04:31.069+0000][gc            ] GC(1) Pause Remark 7M->7M(1024M) 3.091ms
[2022-01-10T02:04:31.069+0000][gc,cpu        ] GC(1) User=0.00s Sys=0.00s Real=0.01s
[2022-01-10T02:04:31.070+0000][gc,marking    ] GC(1) Concurrent Rebuild Remembered Sets
[2022-01-10T02:04:31.070+0000][gc,marking    ] GC(1) Concurrent Rebuild Remembered Sets 0.509ms
[2022-01-10T02:04:31.071+0000][gc,start      ] GC(1) Pause Cleanup
[2022-01-10T02:04:31.072+0000][gc            ] GC(1) Pause Cleanup 7M->7M(1024M) 0.601ms
[2022-01-10T02:04:31.072+0000][gc,cpu        ] GC(1) User=0.00s Sys=0.00s Real=0.00s
[2022-01-10T02:04:31.073+0000][gc,marking    ] GC(1) Concurrent Cleanup for Next Mark
[2022-01-10T02:04:31.080+0000][gc,marking    ] GC(1) Concurrent Cleanup for Next Mark 6.998ms
[2022-01-10T02:04:31.081+0000][gc            ] GC(1) Concurrent Cycle 31.331ms
[2022-01-10T02:04:50.507+0000][gc,heap,exit  ] Heap
[2022-01-10T02:04:50.508+0000][gc,heap,exit  ]  garbage-first heap   total 1048576K, used 18266K [0x00000000c0000000, 0x0000000100000000)
[2022-01-10T02:04:50.509+0000][gc,heap,exit  ]   region size 1024K, 19 young (19456K), 7 survivors (7168K)
[2022-01-10T02:04:50.510+0000][gc,heap,exit  ]  Metaspace       used 22836K, capacity 23331K, committed 23548K, reserved 1071104K
[2022-01-10T02:04:50.510+0000][gc,heap,exit  ]   class space    used 2584K, capacity 2794K, committed 2892K, reserved 1048576K
