[2022-01-10T02:26:55.347+0000][gc,heap] Heap region size: 1M
[2022-01-10T02:26:55.354+0000][gc     ] Using G1
[2022-01-10T02:26:55.355+0000][gc,heap,coops] Heap address: 0x00000000c0000000, size: 1024 MB, Compressed Oops mode: 32-bit
[2022-01-10T02:26:56.244+0000][gc,start     ] GC(0) Pause Young (Concurrent Start) (Metadata GC Threshold)
[2022-01-10T02:26:56.245+0000][gc,task      ] GC(0) Using 4 workers of 4 for evacuation
[2022-01-10T02:26:56.251+0000][gc,phases    ] GC(0)   Pre Evacuate Collection Set: 0.0ms
[2022-01-10T02:26:56.252+0000][gc,phases    ] GC(0)   Evacuate Collection Set: 4.6ms
[2022-01-10T02:26:56.253+0000][gc,phases    ] GC(0)   Post Evacuate Collection Set: 0.5ms
[2022-01-10T02:26:56.254+0000][gc,phases    ] GC(0)   Other: 1.8ms
[2022-01-10T02:26:56.254+0000][gc,heap      ] GC(0) Eden regions: 43->0(44)
[2022-01-10T02:26:56.254+0000][gc,heap      ] GC(0) Survivor regions: 0->7(7)
[2022-01-10T02:26:56.255+0000][gc,heap      ] GC(0) Old regions: 0->0
[2022-01-10T02:26:56.256+0000][gc,heap      ] GC(0) Humongous regions: 0->0
[2022-01-10T02:26:56.256+0000][gc,metaspace ] GC(0) Metaspace: 20794K->20794K(1069056K)
[2022-01-10T02:26:56.256+0000][gc           ] GC(0) Pause Young (Concurrent Start) (Metadata GC Threshold) 43M->6M(1024M) 11.989ms
[2022-01-10T02:26:56.257+0000][gc,cpu       ] GC(0) User=0.01s Sys=0.01s Real=0.01s
[2022-01-10T02:26:56.257+0000][gc           ] GC(1) Concurrent Cycle
[2022-01-10T02:26:56.258+0000][gc,marking   ] GC(1) Concurrent Clear Claimed Marks
[2022-01-10T02:26:56.260+0000][gc,marking   ] GC(1) Concurrent Clear Claimed Marks 1.552ms
[2022-01-10T02:26:56.261+0000][gc,marking   ] GC(1) Concurrent Scan Root Regions
[2022-01-10T02:26:56.264+0000][gc,marking   ] GC(1) Concurrent Scan Root Regions 3.006ms
[2022-01-10T02:26:56.264+0000][gc,marking   ] GC(1) Concurrent Mark (0.932s)
[2022-01-10T02:26:56.264+0000][gc,marking   ] GC(1) Concurrent Mark From Roots
[2022-01-10T02:26:56.265+0000][gc,task      ] GC(1) Using 1 workers of 1 for marking
[2022-01-10T02:26:56.266+0000][gc,marking   ] GC(1) Concurrent Mark From Roots 1.397ms
[2022-01-10T02:26:56.267+0000][gc,marking   ] GC(1) Concurrent Preclean
[2022-01-10T02:26:56.267+0000][gc,marking   ] GC(1) Concurrent Preclean 0.757ms
[2022-01-10T02:26:56.268+0000][gc,marking   ] GC(1) Concurrent Mark (0.932s, 0.936s) 3.735ms
[2022-01-10T02:26:56.268+0000][gc,start     ] GC(1) Pause Remark
[2022-01-10T02:26:56.272+0000][gc,stringtable] GC(1) Cleaned string and symbol table, strings: 7635 processed, 0 removed, symbols: 64163 processed, 29 removed
[2022-01-10T02:26:56.273+0000][gc            ] GC(1) Pause Remark 7M->7M(1024M) 4.292ms
[2022-01-10T02:26:56.273+0000][gc,cpu        ] GC(1) User=0.01s Sys=0.00s Real=0.00s
[2022-01-10T02:26:56.274+0000][gc,marking    ] GC(1) Concurrent Rebuild Remembered Sets
[2022-01-10T02:26:56.274+0000][gc,marking    ] GC(1) Concurrent Rebuild Remembered Sets 0.604ms
[2022-01-10T02:26:56.275+0000][gc,start      ] GC(1) Pause Cleanup
[2022-01-10T02:26:56.275+0000][gc            ] GC(1) Pause Cleanup 7M->7M(1024M) 0.476ms
[2022-01-10T02:26:56.276+0000][gc,cpu        ] GC(1) User=0.00s Sys=0.00s Real=0.00s
[2022-01-10T02:26:56.276+0000][gc,marking    ] GC(1) Concurrent Cleanup for Next Mark
[2022-01-10T02:26:56.282+0000][gc,marking    ] GC(1) Concurrent Cleanup for Next Mark 5.323ms
[2022-01-10T02:26:56.282+0000][gc            ] GC(1) Concurrent Cycle 24.956ms
