[2022-01-10T02:21:37.168+0000][gc,heap] Heap region size: 1M
[2022-01-10T02:21:37.175+0000][gc     ] Using G1
[2022-01-10T02:21:37.177+0000][gc,heap,coops] Heap address: 0x00000000c0000000, size: 1024 MB, Compressed Oops mode: 32-bit
[2022-01-10T02:21:38.053+0000][gc,start     ] GC(0) Pause Young (Concurrent Start) (Metadata GC Threshold)
[2022-01-10T02:21:38.054+0000][gc,task      ] GC(0) Using 4 workers of 4 for evacuation
[2022-01-10T02:21:38.065+0000][gc,phases    ] GC(0)   Pre Evacuate Collection Set: 0.1ms
[2022-01-10T02:21:38.066+0000][gc,phases    ] GC(0)   Evacuate Collection Set: 10.2ms
[2022-01-10T02:21:38.067+0000][gc,phases    ] GC(0)   Post Evacuate Collection Set: 0.5ms
[2022-01-10T02:21:38.068+0000][gc,phases    ] GC(0)   Other: 1.6ms
[2022-01-10T02:21:38.068+0000][gc,heap      ] GC(0) Eden regions: 43->0(44)
[2022-01-10T02:21:38.069+0000][gc,heap      ] GC(0) Survivor regions: 0->7(7)
[2022-01-10T02:21:38.070+0000][gc,heap      ] GC(0) Old regions: 0->0
[2022-01-10T02:21:38.070+0000][gc,heap      ] GC(0) Humongous regions: 0->0
[2022-01-10T02:21:38.071+0000][gc,metaspace ] GC(0) Metaspace: 20789K->20789K(1069056K)
[2022-01-10T02:21:38.071+0000][gc           ] GC(0) Pause Young (Concurrent Start) (Metadata GC Threshold) 43M->6M(1024M) 18.148ms
[2022-01-10T02:21:38.072+0000][gc,cpu       ] GC(0) User=0.03s Sys=0.00s Real=0.02s
[2022-01-10T02:21:38.072+0000][gc           ] GC(1) Concurrent Cycle
[2022-01-10T02:21:38.073+0000][gc,marking   ] GC(1) Concurrent Clear Claimed Marks
[2022-01-10T02:21:38.074+0000][gc,marking   ] GC(1) Concurrent Clear Claimed Marks 0.793ms
[2022-01-10T02:21:38.074+0000][gc,marking   ] GC(1) Concurrent Scan Root Regions
[2022-01-10T02:21:38.078+0000][gc,marking   ] GC(1) Concurrent Scan Root Regions 3.797ms
[2022-01-10T02:21:38.079+0000][gc,marking   ] GC(1) Concurrent Mark (0.923s)
[2022-01-10T02:21:38.079+0000][gc,marking   ] GC(1) Concurrent Mark From Roots
[2022-01-10T02:21:38.080+0000][gc,task      ] GC(1) Using 1 workers of 1 for marking
[2022-01-10T02:21:38.085+0000][gc,marking   ] GC(1) Concurrent Mark From Roots 6.213ms
[2022-01-10T02:21:38.086+0000][gc,marking   ] GC(1) Concurrent Preclean
[2022-01-10T02:21:38.087+0000][gc,marking   ] GC(1) Concurrent Preclean 0.703ms
[2022-01-10T02:21:38.087+0000][gc,marking   ] GC(1) Concurrent Mark (0.923s, 0.932s) 8.886ms
[2022-01-10T02:21:38.088+0000][gc,start     ] GC(1) Pause Remark
[2022-01-10T02:21:38.090+0000][gc,stringtable] GC(1) Cleaned string and symbol table, strings: 7638 processed, 0 removed, symbols: 64397 processed, 29 removed
[2022-01-10T02:21:38.091+0000][gc            ] GC(1) Pause Remark 7M->7M(1024M) 2.428ms
[2022-01-10T02:21:38.091+0000][gc,cpu        ] GC(1) User=0.01s Sys=0.00s Real=0.00s
[2022-01-10T02:21:38.092+0000][gc,marking    ] GC(1) Concurrent Rebuild Remembered Sets
[2022-01-10T02:21:38.092+0000][gc,marking    ] GC(1) Concurrent Rebuild Remembered Sets 0.562ms
[2022-01-10T02:21:38.093+0000][gc,start      ] GC(1) Pause Cleanup
[2022-01-10T02:21:38.094+0000][gc            ] GC(1) Pause Cleanup 8M->8M(1024M) 0.739ms
[2022-01-10T02:21:38.094+0000][gc,cpu        ] GC(1) User=0.00s Sys=0.00s Real=0.00s
[2022-01-10T02:21:38.095+0000][gc,marking    ] GC(1) Concurrent Cleanup for Next Mark
[2022-01-10T02:21:38.106+0000][gc,marking    ] GC(1) Concurrent Cleanup for Next Mark 11.317ms
[2022-01-10T02:21:38.107+0000][gc            ] GC(1) Concurrent Cycle 34.732ms
[2022-01-10T02:21:56.525+0000][gc,heap,exit  ] Heap
[2022-01-10T02:21:56.527+0000][gc,heap,exit  ]  garbage-first heap   total 1048576K, used 18184K [0x00000000c0000000, 0x0000000100000000)
[2022-01-10T02:21:56.528+0000][gc,heap,exit  ]   region size 1024K, 19 young (19456K), 7 survivors (7168K)
[2022-01-10T02:21:56.528+0000][gc,heap,exit  ]  Metaspace       used 22820K, capacity 23267K, committed 23548K, reserved 1071104K
[2022-01-10T02:21:56.533+0000][gc,heap,exit  ]   class space    used 2583K, capacity 2794K, committed 2892K, reserved 1048576K
