[2022-01-10T02:26:17.596+0000][gc,heap] Heap region size: 1M
[2022-01-10T02:26:17.603+0000][gc     ] Using G1
[2022-01-10T02:26:17.603+0000][gc,heap,coops] Heap address: 0x00000000c0000000, size: 1024 MB, Compressed Oops mode: 32-bit
[2022-01-10T02:26:18.488+0000][gc,start     ] GC(0) Pause Young (Concurrent Start) (Metadata GC Threshold)
[2022-01-10T02:26:18.489+0000][gc,task      ] GC(0) Using 4 workers of 4 for evacuation
[2022-01-10T02:26:18.499+0000][gc,phases    ] GC(0)   Pre Evacuate Collection Set: 0.0ms
[2022-01-10T02:26:18.500+0000][gc,phases    ] GC(0)   Evacuate Collection Set: 8.9ms
[2022-01-10T02:26:18.501+0000][gc,phases    ] GC(0)   Post Evacuate Collection Set: 0.5ms
[2022-01-10T02:26:18.501+0000][gc,phases    ] GC(0)   Other: 1.9ms
[2022-01-10T02:26:18.502+0000][gc,heap      ] GC(0) Eden regions: 42->0(44)
[2022-01-10T02:26:18.502+0000][gc,heap      ] GC(0) Survivor regions: 0->7(7)
[2022-01-10T02:26:18.503+0000][gc,heap      ] GC(0) Old regions: 0->0
[2022-01-10T02:26:18.504+0000][gc,heap      ] GC(0) Humongous regions: 0->0
[2022-01-10T02:26:18.504+0000][gc,metaspace ] GC(0) Metaspace: 20407K->20407K(1069056K)
[2022-01-10T02:26:18.505+0000][gc           ] GC(0) Pause Young (Concurrent Start) (Metadata GC Threshold) 41M->6M(1024M) 16.732ms
[2022-01-10T02:26:18.505+0000][gc,cpu       ] GC(0) User=0.02s Sys=0.01s Real=0.02s
[2022-01-10T02:26:18.506+0000][gc           ] GC(1) Concurrent Cycle
[2022-01-10T02:26:18.506+0000][gc,marking   ] GC(1) Concurrent Clear Claimed Marks
[2022-01-10T02:26:18.508+0000][gc,marking   ] GC(1) Concurrent Clear Claimed Marks 1.998ms
[2022-01-10T02:26:18.509+0000][gc,marking   ] GC(1) Concurrent Scan Root Regions
[2022-01-10T02:26:18.512+0000][gc,marking   ] GC(1) Concurrent Scan Root Regions 2.705ms
[2022-01-10T02:26:18.512+0000][gc,marking   ] GC(1) Concurrent Mark (0.931s)
[2022-01-10T02:26:18.513+0000][gc,marking   ] GC(1) Concurrent Mark From Roots
[2022-01-10T02:26:18.514+0000][gc,task      ] GC(1) Using 1 workers of 1 for marking
[2022-01-10T02:26:18.515+0000][gc,marking   ] GC(1) Concurrent Mark From Roots 2.060ms
[2022-01-10T02:26:18.516+0000][gc,marking   ] GC(1) Concurrent Preclean
[2022-01-10T02:26:18.518+0000][gc,marking   ] GC(1) Concurrent Preclean 1.871ms
[2022-01-10T02:26:18.519+0000][gc,marking   ] GC(1) Concurrent Mark (0.931s, 0.937s) 6.107ms
[2022-01-10T02:26:18.520+0000][gc,start     ] GC(1) Pause Remark
[2022-01-10T02:26:18.525+0000][gc,stringtable] GC(1) Cleaned string and symbol table, strings: 7592 processed, 0 removed, symbols: 63953 processed, 31 removed
[2022-01-10T02:26:18.526+0000][gc            ] GC(1) Pause Remark 7M->7M(1024M) 5.992ms
[2022-01-10T02:26:18.526+0000][gc,cpu        ] GC(1) User=0.01s Sys=0.00s Real=0.01s
[2022-01-10T02:26:18.527+0000][gc,marking    ] GC(1) Concurrent Rebuild Remembered Sets
[2022-01-10T02:26:18.527+0000][gc,marking    ] GC(1) Concurrent Rebuild Remembered Sets 0.540ms
[2022-01-10T02:26:18.529+0000][gc,start      ] GC(1) Pause Cleanup
[2022-01-10T02:26:18.529+0000][gc            ] GC(1) Pause Cleanup 7M->7M(1024M) 0.816ms
[2022-01-10T02:26:18.530+0000][gc,cpu        ] GC(1) User=0.00s Sys=0.00s Real=0.00s
[2022-01-10T02:26:18.530+0000][gc,marking    ] GC(1) Concurrent Cleanup for Next Mark
[2022-01-10T02:26:18.547+0000][gc,marking    ] GC(1) Concurrent Cleanup for Next Mark 16.338ms
[2022-01-10T02:26:18.548+0000][gc            ] GC(1) Concurrent Cycle 42.312ms
