[2022-01-10T02:30:18.328+0000][gc,heap] Heap region size: 1M
[2022-01-10T02:30:18.335+0000][gc     ] Using G1
[2022-01-10T02:30:18.335+0000][gc,heap,coops] Heap address: 0x00000000c0000000, size: 1024 MB, Compressed Oops mode: 32-bit
[2022-01-10T02:30:19.368+0000][gc,start     ] GC(0) Pause Young (Concurrent Start) (Metadata GC Threshold)
[2022-01-10T02:30:19.369+0000][gc,task      ] GC(0) Using 4 workers of 4 for evacuation
[2022-01-10T02:30:19.375+0000][gc,phases    ] GC(0)   Pre Evacuate Collection Set: 0.0ms
[2022-01-10T02:30:19.376+0000][gc,phases    ] GC(0)   Evacuate Collection Set: 4.3ms
[2022-01-10T02:30:19.376+0000][gc,phases    ] GC(0)   Post Evacuate Collection Set: 0.4ms
[2022-01-10T02:30:19.377+0000][gc,phases    ] GC(0)   Other: 2.2ms
[2022-01-10T02:30:19.377+0000][gc,heap      ] GC(0) Eden regions: 42->0(44)
[2022-01-10T02:30:19.378+0000][gc,heap      ] GC(0) Survivor regions: 0->7(7)
[2022-01-10T02:30:19.378+0000][gc,heap      ] GC(0) Old regions: 0->0
[2022-01-10T02:30:19.379+0000][gc,heap      ] GC(0) Humongous regions: 0->0
[2022-01-10T02:30:19.379+0000][gc,metaspace ] GC(0) Metaspace: 20417K->20417K(1069056K)
[2022-01-10T02:30:19.380+0000][gc           ] GC(0) Pause Young (Concurrent Start) (Metadata GC Threshold) 41M->6M(1024M) 11.830ms
[2022-01-10T02:30:19.380+0000][gc,cpu       ] GC(0) User=0.01s Sys=0.00s Real=0.01s
[2022-01-10T02:30:19.381+0000][gc           ] GC(1) Concurrent Cycle
[2022-01-10T02:30:19.381+0000][gc,marking   ] GC(1) Concurrent Clear Claimed Marks
[2022-01-10T02:30:19.382+0000][gc,marking   ] GC(1) Concurrent Clear Claimed Marks 1.119ms
[2022-01-10T02:30:19.383+0000][gc,marking   ] GC(1) Concurrent Scan Root Regions
[2022-01-10T02:30:19.386+0000][gc,marking   ] GC(1) Concurrent Scan Root Regions 3.320ms
[2022-01-10T02:30:19.387+0000][gc,marking   ] GC(1) Concurrent Mark (1.075s)
[2022-01-10T02:30:19.388+0000][gc,marking   ] GC(1) Concurrent Mark From Roots
[2022-01-10T02:30:19.388+0000][gc,task      ] GC(1) Using 1 workers of 1 for marking
[2022-01-10T02:30:19.390+0000][gc,marking   ] GC(1) Concurrent Mark From Roots 1.776ms
[2022-01-10T02:30:19.390+0000][gc,marking   ] GC(1) Concurrent Preclean
[2022-01-10T02:30:19.391+0000][gc,marking   ] GC(1) Concurrent Preclean 0.624ms
[2022-01-10T02:30:19.391+0000][gc,marking   ] GC(1) Concurrent Mark (1.075s, 1.079s) 4.253ms
[2022-01-10T02:30:19.392+0000][gc,start     ] GC(1) Pause Remark
[2022-01-10T02:30:19.398+0000][gc,stringtable] GC(1) Cleaned string and symbol table, strings: 7588 processed, 0 removed, symbols: 63952 processed, 31 removed
[2022-01-10T02:30:19.399+0000][gc            ] GC(1) Pause Remark 7M->7M(1024M) 6.936ms
[2022-01-10T02:30:19.400+0000][gc,cpu        ] GC(1) User=0.02s Sys=0.00s Real=0.00s
[2022-01-10T02:30:19.400+0000][gc,marking    ] GC(1) Concurrent Rebuild Remembered Sets
[2022-01-10T02:30:19.401+0000][gc,marking    ] GC(1) Concurrent Rebuild Remembered Sets 0.508ms
[2022-01-10T02:30:19.402+0000][gc,start      ] GC(1) Pause Cleanup
[2022-01-10T02:30:19.404+0000][gc            ] GC(1) Pause Cleanup 7M->7M(1024M) 1.748ms
[2022-01-10T02:30:19.405+0000][gc,cpu        ] GC(1) User=0.00s Sys=0.00s Real=0.00s
[2022-01-10T02:30:19.405+0000][gc,marking    ] GC(1) Concurrent Cleanup for Next Mark
[2022-01-10T02:30:19.414+0000][gc,marking    ] GC(1) Concurrent Cleanup for Next Mark 8.162ms
[2022-01-10T02:30:19.423+0000][gc            ] GC(1) Concurrent Cycle 41.815ms
