[2022-01-10T02:22:46.618+0000][gc,heap] Heap region size: 1M
[2022-01-10T02:22:46.624+0000][gc     ] Using G1
[2022-01-10T02:22:46.625+0000][gc,heap,coops] Heap address: 0x00000000c0000000, size: 1024 MB, Compressed Oops mode: 32-bit
[2022-01-10T02:22:47.505+0000][gc,start     ] GC(0) Pause Young (Concurrent Start) (Metadata GC Threshold)
[2022-01-10T02:22:47.506+0000][gc,task      ] GC(0) Using 4 workers of 4 for evacuation
[2022-01-10T02:22:47.515+0000][gc,phases    ] GC(0)   Pre Evacuate Collection Set: 0.1ms
[2022-01-10T02:22:47.516+0000][gc,phases    ] GC(0)   Evacuate Collection Set: 7.2ms
[2022-01-10T02:22:47.517+0000][gc,phases    ] GC(0)   Post Evacuate Collection Set: 0.8ms
[2022-01-10T02:22:47.518+0000][gc,phases    ] GC(0)   Other: 1.4ms
[2022-01-10T02:22:47.518+0000][gc,heap      ] GC(0) Eden regions: 43->0(44)
[2022-01-10T02:22:47.519+0000][gc,heap      ] GC(0) Survivor regions: 0->7(7)
[2022-01-10T02:22:47.519+0000][gc,heap      ] GC(0) Old regions: 0->0
[2022-01-10T02:22:47.520+0000][gc,heap      ] GC(0) Humongous regions: 0->0
[2022-01-10T02:22:47.520+0000][gc,metaspace ] GC(0) Metaspace: 20788K->20788K(1069056K)
[2022-01-10T02:22:47.521+0000][gc           ] GC(0) Pause Young (Concurrent Start) (Metadata GC Threshold) 43M->6M(1024M) 15.835ms
[2022-01-10T02:22:47.522+0000][gc,cpu       ] GC(0) User=0.01s Sys=0.00s Real=0.02s
[2022-01-10T02:22:47.522+0000][gc           ] GC(1) Concurrent Cycle
[2022-01-10T02:22:47.524+0000][gc,marking   ] GC(1) Concurrent Clear Claimed Marks
[2022-01-10T02:22:47.524+0000][gc,marking   ] GC(1) Concurrent Clear Claimed Marks 0.419ms
[2022-01-10T02:22:47.524+0000][gc,marking   ] GC(1) Concurrent Scan Root Regions
[2022-01-10T02:22:47.527+0000][gc,marking   ] GC(1) Concurrent Scan Root Regions 2.271ms
[2022-01-10T02:22:47.527+0000][gc,marking   ] GC(1) Concurrent Mark (0.923s)
[2022-01-10T02:22:47.528+0000][gc,marking   ] GC(1) Concurrent Mark From Roots
[2022-01-10T02:22:47.533+0000][gc,task      ] GC(1) Using 1 workers of 1 for marking
[2022-01-10T02:22:47.534+0000][gc,marking   ] GC(1) Concurrent Mark From Roots 5.637ms
[2022-01-10T02:22:47.534+0000][gc,marking   ] GC(1) Concurrent Preclean
[2022-01-10T02:22:47.535+0000][gc,marking   ] GC(1) Concurrent Preclean 0.572ms
[2022-01-10T02:22:47.536+0000][gc,marking   ] GC(1) Concurrent Mark (0.923s, 0.931s) 8.154ms
[2022-01-10T02:22:47.536+0000][gc,start     ] GC(1) Pause Remark
[2022-01-10T02:22:47.539+0000][gc,stringtable] GC(1) Cleaned string and symbol table, strings: 7638 processed, 0 removed, symbols: 64197 processed, 29 removed
[2022-01-10T02:22:47.540+0000][gc            ] GC(1) Pause Remark 7M->7M(1024M) 3.444ms
[2022-01-10T02:22:47.540+0000][gc,cpu        ] GC(1) User=0.01s Sys=0.00s Real=0.00s
[2022-01-10T02:22:47.541+0000][gc,marking    ] GC(1) Concurrent Rebuild Remembered Sets
[2022-01-10T02:22:47.542+0000][gc,marking    ] GC(1) Concurrent Rebuild Remembered Sets 0.820ms
[2022-01-10T02:22:47.543+0000][gc,start      ] GC(1) Pause Cleanup
[2022-01-10T02:22:47.543+0000][gc            ] GC(1) Pause Cleanup 7M->7M(1024M) 0.633ms
[2022-01-10T02:22:47.544+0000][gc,cpu        ] GC(1) User=0.00s Sys=0.00s Real=0.00s
[2022-01-10T02:22:47.545+0000][gc,marking    ] GC(1) Concurrent Cleanup for Next Mark
[2022-01-10T02:22:47.554+0000][gc,marking    ] GC(1) Concurrent Cleanup for Next Mark 9.656ms
[2022-01-10T02:22:47.555+0000][gc            ] GC(1) Concurrent Cycle 32.654ms
