[2022-01-10T02:05:24.151+0000][gc,heap] Heap region size: 1M
[2022-01-10T02:05:24.158+0000][gc     ] Using G1
[2022-01-10T02:05:24.159+0000][gc,heap,coops] Heap address: 0x00000000c0000000, size: 1024 MB, Compressed Oops mode: 32-bit
[2022-01-10T02:05:25.470+0000][gc,start     ] GC(0) Pause Young (Concurrent Start) (Metadata GC Threshold)
[2022-01-10T02:05:25.471+0000][gc,task      ] GC(0) Using 4 workers of 4 for evacuation
[2022-01-10T02:05:25.480+0000][gc,phases    ] GC(0)   Pre Evacuate Collection Set: 0.1ms
[2022-01-10T02:05:25.481+0000][gc,phases    ] GC(0)   Evacuate Collection Set: 8.6ms
[2022-01-10T02:05:25.482+0000][gc,phases    ] GC(0)   Post Evacuate Collection Set: 0.6ms
[2022-01-10T02:05:25.483+0000][gc,phases    ] GC(0)   Other: 1.6ms
[2022-01-10T02:05:25.484+0000][gc,heap      ] GC(0) Eden regions: 43->0(44)
[2022-01-10T02:05:25.485+0000][gc,heap      ] GC(0) Survivor regions: 0->7(7)
[2022-01-10T02:05:25.485+0000][gc,heap      ] GC(0) Old regions: 0->0
[2022-01-10T02:05:25.486+0000][gc,heap      ] GC(0) Humongous regions: 0->0
[2022-01-10T02:05:25.486+0000][gc,metaspace ] GC(0) Metaspace: 20791K->20791K(1069056K)
[2022-01-10T02:05:25.487+0000][gc           ] GC(0) Pause Young (Concurrent Start) (Metadata GC Threshold) 43M->6M(1024M) 17.314ms
[2022-01-10T02:05:25.487+0000][gc,cpu       ] GC(0) User=0.01s Sys=0.01s Real=0.02s
[2022-01-10T02:05:25.488+0000][gc           ] GC(1) Concurrent Cycle
[2022-01-10T02:05:25.488+0000][gc,marking   ] GC(1) Concurrent Clear Claimed Marks
[2022-01-10T02:05:25.489+0000][gc,marking   ] GC(1) Concurrent Clear Claimed Marks 0.642ms
[2022-01-10T02:05:25.490+0000][gc,marking   ] GC(1) Concurrent Scan Root Regions
[2022-01-10T02:05:25.492+0000][gc,marking   ] GC(1) Concurrent Scan Root Regions 2.706ms
[2022-01-10T02:05:25.494+0000][gc,marking   ] GC(1) Concurrent Mark (1.354s)
[2022-01-10T02:05:25.495+0000][gc,marking   ] GC(1) Concurrent Mark From Roots
[2022-01-10T02:05:25.496+0000][gc,task      ] GC(1) Using 1 workers of 1 for marking
[2022-01-10T02:05:25.498+0000][gc,marking   ] GC(1) Concurrent Mark From Roots 3.365ms
[2022-01-10T02:05:25.500+0000][gc,marking   ] GC(1) Concurrent Preclean
[2022-01-10T02:05:25.501+0000][gc,marking   ] GC(1) Concurrent Preclean 0.740ms
[2022-01-10T02:05:25.502+0000][gc,marking   ] GC(1) Concurrent Mark (1.354s, 1.362s) 7.654ms
[2022-01-10T02:05:25.503+0000][gc,start     ] GC(1) Pause Remark
[2022-01-10T02:05:25.505+0000][gc,stringtable] GC(1) Cleaned string and symbol table, strings: 7652 processed, 0 removed, symbols: 64221 processed, 29 removed
[2022-01-10T02:05:25.506+0000][gc            ] GC(1) Pause Remark 7M->7M(1024M) 3.642ms
[2022-01-10T02:05:25.508+0000][gc,cpu        ] GC(1) User=0.00s Sys=0.00s Real=0.01s
[2022-01-10T02:05:25.509+0000][gc,marking    ] GC(1) Concurrent Rebuild Remembered Sets
[2022-01-10T02:05:25.510+0000][gc,marking    ] GC(1) Concurrent Rebuild Remembered Sets 0.972ms
[2022-01-10T02:05:25.510+0000][gc,start      ] GC(1) Pause Cleanup
[2022-01-10T02:05:25.512+0000][gc            ] GC(1) Pause Cleanup 7M->7M(1024M) 1.673ms
[2022-01-10T02:05:25.513+0000][gc,cpu        ] GC(1) User=0.00s Sys=0.00s Real=0.00s
[2022-01-10T02:05:25.514+0000][gc,marking    ] GC(1) Concurrent Cleanup for Next Mark
[2022-01-10T02:05:25.536+0000][gc,marking    ] GC(1) Concurrent Cleanup for Next Mark 21.392ms
[2022-01-10T02:05:25.538+0000][gc            ] GC(1) Concurrent Cycle 50.390ms
