[2022-01-10T02:20:59.912+0000][gc,heap] Heap region size: 1M
[2022-01-10T02:20:59.919+0000][gc     ] Using G1
[2022-01-10T02:20:59.920+0000][gc,heap,coops] Heap address: 0x00000000c0000000, size: 1024 MB, Compressed Oops mode: 32-bit
[2022-01-10T02:21:01.010+0000][gc,start     ] GC(0) Pause Young (Concurrent Start) (Metadata GC Threshold)
[2022-01-10T02:21:01.011+0000][gc,task      ] GC(0) Using 4 workers of 4 for evacuation
[2022-01-10T02:21:01.020+0000][gc,phases    ] GC(0)   Pre Evacuate Collection Set: 0.1ms
[2022-01-10T02:21:01.021+0000][gc,phases    ] GC(0)   Evacuate Collection Set: 6.0ms
[2022-01-10T02:21:01.022+0000][gc,phases    ] GC(0)   Post Evacuate Collection Set: 0.9ms
[2022-01-10T02:21:01.023+0000][gc,phases    ] GC(0)   Other: 3.7ms
[2022-01-10T02:21:01.023+0000][gc,heap      ] GC(0) Eden regions: 43->0(44)
[2022-01-10T02:21:01.024+0000][gc,heap      ] GC(0) Survivor regions: 0->7(7)
[2022-01-10T02:21:01.024+0000][gc,heap      ] GC(0) Old regions: 0->0
[2022-01-10T02:21:01.025+0000][gc,heap      ] GC(0) Humongous regions: 0->0
[2022-01-10T02:21:01.026+0000][gc,metaspace ] GC(0) Metaspace: 20788K->20788K(1069056K)
[2022-01-10T02:21:01.026+0000][gc           ] GC(0) Pause Young (Concurrent Start) (Metadata GC Threshold) 43M->6M(1024M) 16.526ms
[2022-01-10T02:21:01.027+0000][gc,cpu       ] GC(0) User=0.01s Sys=0.00s Real=0.02s
[2022-01-10T02:21:01.028+0000][gc           ] GC(1) Concurrent Cycle
[2022-01-10T02:21:01.028+0000][gc,marking   ] GC(1) Concurrent Clear Claimed Marks
[2022-01-10T02:21:01.029+0000][gc,marking   ] GC(1) Concurrent Clear Claimed Marks 0.982ms
[2022-01-10T02:21:01.030+0000][gc,marking   ] GC(1) Concurrent Scan Root Regions
[2022-01-10T02:21:01.032+0000][gc,marking   ] GC(1) Concurrent Scan Root Regions 2.471ms
[2022-01-10T02:21:01.033+0000][gc,marking   ] GC(1) Concurrent Mark (1.136s)
[2022-01-10T02:21:01.034+0000][gc,marking   ] GC(1) Concurrent Mark From Roots
[2022-01-10T02:21:01.035+0000][gc,task      ] GC(1) Using 1 workers of 1 for marking
[2022-01-10T02:21:01.036+0000][gc,marking   ] GC(1) Concurrent Mark From Roots 1.733ms
[2022-01-10T02:21:01.036+0000][gc,marking   ] GC(1) Concurrent Preclean
[2022-01-10T02:21:01.037+0000][gc,marking   ] GC(1) Concurrent Preclean 0.768ms
[2022-01-10T02:21:01.038+0000][gc,marking   ] GC(1) Concurrent Mark (1.136s, 1.140s) 4.627ms
[2022-01-10T02:21:01.039+0000][gc,start     ] GC(1) Pause Remark
[2022-01-10T02:21:01.048+0000][gc,stringtable] GC(1) Cleaned string and symbol table, strings: 7649 processed, 0 removed, symbols: 64193 processed, 29 removed
[2022-01-10T02:21:01.050+0000][gc            ] GC(1) Pause Remark 7M->7M(1024M) 11.100ms
[2022-01-10T02:21:01.051+0000][gc,cpu        ] GC(1) User=0.02s Sys=0.00s Real=0.01s
[2022-01-10T02:21:01.054+0000][gc,marking    ] GC(1) Concurrent Rebuild Remembered Sets
[2022-01-10T02:21:01.055+0000][gc,marking    ] GC(1) Concurrent Rebuild Remembered Sets 0.856ms
[2022-01-10T02:21:01.056+0000][gc,start      ] GC(1) Pause Cleanup
[2022-01-10T02:21:01.057+0000][gc            ] GC(1) Pause Cleanup 7M->7M(1024M) 0.927ms
[2022-01-10T02:21:01.058+0000][gc,cpu        ] GC(1) User=0.00s Sys=0.00s Real=0.00s
[2022-01-10T02:21:01.058+0000][gc,marking    ] GC(1) Concurrent Cleanup for Next Mark
[2022-01-10T02:21:01.071+0000][gc,marking    ] GC(1) Concurrent Cleanup for Next Mark 12.247ms
[2022-01-10T02:21:01.072+0000][gc            ] GC(1) Concurrent Cycle 43.812ms
