[2022-01-10T02:28:49.458+0000][gc,heap] Heap region size: 1M
[2022-01-10T02:28:49.485+0000][gc     ] Using G1
[2022-01-10T02:28:49.486+0000][gc,heap,coops] Heap address: 0x00000000c0000000, size: 1024 MB, Compressed Oops mode: 32-bit
[2022-01-10T02:28:50.496+0000][gc,start     ] GC(0) Pause Young (Concurrent Start) (Metadata GC Threshold)
[2022-01-10T02:28:50.497+0000][gc,task      ] GC(0) Using 4 workers of 4 for evacuation
[2022-01-10T02:28:50.508+0000][gc,phases    ] GC(0)   Pre Evacuate Collection Set: 0.1ms
[2022-01-10T02:28:50.508+0000][gc,phases    ] GC(0)   Evacuate Collection Set: 8.9ms
[2022-01-10T02:28:50.509+0000][gc,phases    ] GC(0)   Post Evacuate Collection Set: 0.5ms
[2022-01-10T02:28:50.510+0000][gc,phases    ] GC(0)   Other: 2.5ms
[2022-01-10T02:28:50.510+0000][gc,heap      ] GC(0) Eden regions: 43->0(44)
[2022-01-10T02:28:50.511+0000][gc,heap      ] GC(0) Survivor regions: 0->7(7)
[2022-01-10T02:28:50.511+0000][gc,heap      ] GC(0) Old regions: 0->0
[2022-01-10T02:28:50.512+0000][gc,heap      ] GC(0) Humongous regions: 0->0
[2022-01-10T02:28:50.513+0000][gc,metaspace ] GC(0) Metaspace: 20781K->20781K(1069056K)
[2022-01-10T02:28:50.514+0000][gc           ] GC(0) Pause Young (Concurrent Start) (Metadata GC Threshold) 43M->6M(1024M) 18.235ms
[2022-01-10T02:28:50.515+0000][gc,cpu       ] GC(0) User=0.02s Sys=0.00s Real=0.02s
[2022-01-10T02:28:50.515+0000][gc           ] GC(1) Concurrent Cycle
[2022-01-10T02:28:50.516+0000][gc,marking   ] GC(1) Concurrent Clear Claimed Marks
[2022-01-10T02:28:50.517+0000][gc,marking   ] GC(1) Concurrent Clear Claimed Marks 0.614ms
[2022-01-10T02:28:50.518+0000][gc,marking   ] GC(1) Concurrent Scan Root Regions
[2022-01-10T02:28:50.520+0000][gc,marking   ] GC(1) Concurrent Scan Root Regions 2.443ms
[2022-01-10T02:28:50.521+0000][gc,marking   ] GC(1) Concurrent Mark (1.091s)
[2022-01-10T02:28:50.522+0000][gc,marking   ] GC(1) Concurrent Mark From Roots
[2022-01-10T02:28:50.523+0000][gc,task      ] GC(1) Using 1 workers of 1 for marking
[2022-01-10T02:28:50.524+0000][gc,marking   ] GC(1) Concurrent Mark From Roots 1.830ms
[2022-01-10T02:28:50.525+0000][gc,marking   ] GC(1) Concurrent Preclean
[2022-01-10T02:28:50.525+0000][gc,marking   ] GC(1) Concurrent Preclean 0.554ms
[2022-01-10T02:28:50.526+0000][gc,marking   ] GC(1) Concurrent Mark (1.091s, 1.096s) 4.846ms
[2022-01-10T02:28:50.527+0000][gc,start     ] GC(1) Pause Remark
[2022-01-10T02:28:50.528+0000][gc,stringtable] GC(1) Cleaned string and symbol table, strings: 7624 processed, 0 removed, symbols: 64195 processed, 29 removed
[2022-01-10T02:28:50.529+0000][gc            ] GC(1) Pause Remark 7M->7M(1024M) 2.466ms
[2022-01-10T02:28:50.530+0000][gc,cpu        ] GC(1) User=0.00s Sys=0.00s Real=0.00s
[2022-01-10T02:28:50.531+0000][gc,marking    ] GC(1) Concurrent Rebuild Remembered Sets
[2022-01-10T02:28:50.531+0000][gc,marking    ] GC(1) Concurrent Rebuild Remembered Sets 0.594ms
[2022-01-10T02:28:50.532+0000][gc,start      ] GC(1) Pause Cleanup
[2022-01-10T02:28:50.532+0000][gc            ] GC(1) Pause Cleanup 7M->7M(1024M) 0.748ms
[2022-01-10T02:28:50.533+0000][gc,cpu        ] GC(1) User=0.00s Sys=0.00s Real=0.01s
[2022-01-10T02:28:50.534+0000][gc,marking    ] GC(1) Concurrent Cleanup for Next Mark
[2022-01-10T02:28:50.540+0000][gc,marking    ] GC(1) Concurrent Cleanup for Next Mark 6.179ms
[2022-01-10T02:28:50.540+0000][gc            ] GC(1) Concurrent Cycle 25.062ms
[2022-01-10T02:29:10.005+0000][gc,heap,exit  ] Heap
[2022-01-10T02:29:10.006+0000][gc,heap,exit  ]  garbage-first heap   total 1048576K, used 18117K [0x00000000c0000000, 0x0000000100000000)
[2022-01-10T02:29:10.007+0000][gc,heap,exit  ]   region size 1024K, 19 young (19456K), 7 survivors (7168K)
[2022-01-10T02:29:10.008+0000][gc,heap,exit  ]  Metaspace       used 22816K, capacity 23267K, committed 23548K, reserved 1071104K
[2022-01-10T02:29:10.008+0000][gc,heap,exit  ]   class space    used 2583K, capacity 2794K, committed 2892K, reserved 1048576K
