[2022-01-10T11:42:37.399-0900][gc,heap] Heap region size: 1M
[2022-01-10T11:42:37.399-0900][gc,heap,coops] Heap address: 0x00000007e0000000, size: 512 MB, Compressed Oops mode: Zero based, Oop shift amount: 3
[2022-01-10T11:42:37.403-0900][gc           ] Using G1
[2022-01-10T11:42:37.405-0900][gc,cds       ] Mark closed archive regions in map: [0x00000007fff00000, 0x00000007fff7bff8]
[2022-01-10T11:42:37.405-0900][gc,cds       ] Mark open archive regions in map: [0x00000007ffe00000, 0x00000007ffe51ff8]
[2022-01-10T11:42:37.426-0900][gc           ] Periodic GC disabled
[2022-01-10T11:42:38.257-0900][gc,heap,exit ] Heap
[2022-01-10T11:42:38.257-0900][gc,heap,exit ]  garbage-first heap   total 524288K, used 16184K [0x00000007e0000000, 0x0000000800000000)
[2022-01-10T11:42:38.257-0900][gc,heap,exit ]   region size 1024K, 16 young (16384K), 0 survivors (0K)
[2022-01-10T11:42:38.257-0900][gc,heap,exit ]  Metaspace       used 5774K, capacity 6102K, committed 6272K, reserved 1056768K
[2022-01-10T11:42:38.257-0900][gc,heap,exit ]   class space    used 666K, capacity 764K, committed 896K, reserved 1048576K
