[2022-01-06T11:35:54.326-0900][gc,heap] Heap region size: 1M
[2022-01-06T11:35:54.327-0900][gc,heap,coops] Heap address: 0x00000007e0000000, size: 512 MB, Compressed Oops mode: Zero based, Oop shift amount: 3
[2022-01-06T11:35:54.330-0900][gc           ] Using G1
[2022-01-06T11:35:54.330-0900][gc,cds       ] Mark closed archive regions in map: [0x00000007fff00000, 0x00000007fff7bff8]
[2022-01-06T11:35:54.330-0900][gc,cds       ] Mark open archive regions in map: [0x00000007ffe00000, 0x00000007ffe51ff8]
[2022-01-06T11:35:54.347-0900][gc           ] Periodic GC disabled
[2022-01-06T11:35:55.084-0900][gc,start     ] GC(0) Pause Young (Normal) (G1 Evacuation Pause)
[2022-01-06T11:35:55.084-0900][gc,task      ] GC(0) Using 8 workers of 8 for evacuation
[2022-01-06T11:35:55.092-0900][gc,phases    ] GC(0)   Pre Evacuate Collection Set: 0.1ms
[2022-01-06T11:35:55.092-0900][gc,phases    ] GC(0)   Merge Heap Roots: 0.0ms
[2022-01-06T11:35:55.092-0900][gc,phases    ] GC(0)   Evacuate Collection Set: 7.4ms
[2022-01-06T11:35:55.092-0900][gc,phases    ] GC(0)   Post Evacuate Collection Set: 0.4ms
[2022-01-06T11:35:55.092-0900][gc,phases    ] GC(0)   Other: 0.6ms
[2022-01-06T11:35:55.092-0900][gc,heap      ] GC(0) Eden regions: 25->0(21)
[2022-01-06T11:35:55.092-0900][gc,heap      ] GC(0) Survivor regions: 0->4(4)
[2022-01-06T11:35:55.092-0900][gc,heap      ] GC(0) Old regions: 0->3
[2022-01-06T11:35:55.092-0900][gc,heap      ] GC(0) Archive regions: 2->2
[2022-01-06T11:35:55.092-0900][gc,heap      ] GC(0) Humongous regions: 0->0
[2022-01-06T11:35:55.092-0900][gc,metaspace ] GC(0) Metaspace: 7154K(7680K)->7154K(7680K) NonClass: 6340K(6656K)->6340K(6656K) Class: 814K(1024K)->814K(1024K)
[2022-01-06T11:35:55.092-0900][gc           ] GC(0) Pause Young (Normal) (G1 Evacuation Pause) 25M->7M(512M) 8.671ms
[2022-01-06T11:35:55.092-0900][gc,cpu       ] GC(0) User=0.02s Sys=0.01s Real=0.01s
[2022-01-06T11:37:59.940-0900][gc,heap,exit ] Heap
[2022-01-06T11:37:59.941-0900][gc,heap,exit ]  garbage-first heap   total 524288K, used 17854K [0x00000007e0000000, 0x0000000800000000)
[2022-01-06T11:37:59.941-0900][gc,heap,exit ]   region size 1024K, 15 young (15360K), 4 survivors (4096K)
[2022-01-06T11:37:59.941-0900][gc,heap,exit ]  Metaspace       used 8565K, capacity 8935K, committed 9088K, reserved 1056768K
[2022-01-06T11:37:59.941-0900][gc,heap,exit ]   class space    used 960K, capacity 1070K, committed 1152K, reserved 1048576K
