[2022-01-06T11:35:38.860-0900][gc,heap] Heap region size: 1M
[2022-01-06T11:35:38.860-0900][gc,heap,coops] Heap address: 0x00000007c0000000, size: 1024 MB, Compressed Oops mode: Zero based, Oop shift amount: 3
[2022-01-06T11:35:38.867-0900][gc           ] Using G1
[2022-01-06T11:35:38.868-0900][gc,cds       ] Mark closed archive regions in map: [0x00000007fff00000, 0x00000007fff7bff8]
[2022-01-06T11:35:38.868-0900][gc,cds       ] Mark open archive regions in map: [0x00000007ffe00000, 0x00000007ffe51ff8]
[2022-01-06T11:35:38.885-0900][gc           ] Periodic GC disabled
[2022-01-06T11:35:39.910-0900][gc,start     ] GC(0) Pause Young (Normal) (G1 Evacuation Pause)
[2022-01-06T11:35:39.911-0900][gc,task      ] GC(0) Using 8 workers of 8 for evacuation
[2022-01-06T11:35:39.919-0900][gc,phases    ] GC(0)   Pre Evacuate Collection Set: 0.1ms
[2022-01-06T11:35:39.919-0900][gc,phases    ] GC(0)   Merge Heap Roots: 0.0ms
[2022-01-06T11:35:39.919-0900][gc,phases    ] GC(0)   Evacuate Collection Set: 7.8ms
[2022-01-06T11:35:39.919-0900][gc,phases    ] GC(0)   Post Evacuate Collection Set: 0.3ms
[2022-01-06T11:35:39.919-0900][gc,phases    ] GC(0)   Other: 0.5ms
[2022-01-06T11:35:39.919-0900][gc,heap      ] GC(0) Eden regions: 51->0(44)
[2022-01-06T11:35:39.919-0900][gc,heap      ] GC(0) Survivor regions: 0->7(7)
[2022-01-06T11:35:39.919-0900][gc,heap      ] GC(0) Old regions: 0->0
[2022-01-06T11:35:39.919-0900][gc,heap      ] GC(0) Archive regions: 2->2
[2022-01-06T11:35:39.919-0900][gc,heap      ] GC(0) Humongous regions: 0->0
[2022-01-06T11:35:39.919-0900][gc,metaspace ] GC(0) Metaspace: 14001K(14848K)->14001K(14848K) NonClass: 12229K(12800K)->12229K(12800K) Class: 1772K(2048K)->1772K(2048K)
[2022-01-06T11:35:39.919-0900][gc           ] GC(0) Pause Young (Normal) (G1 Evacuation Pause) 51M->7M(1024M) 8.781ms
[2022-01-06T11:35:39.919-0900][gc,cpu       ] GC(0) User=0.02s Sys=0.00s Real=0.00s
[2022-01-06T11:35:40.692-0900][gc,start     ] GC(1) Pause Young (Concurrent Start) (Metadata GC Threshold)
[2022-01-06T11:35:40.692-0900][gc,task      ] GC(1) Using 8 workers of 8 for evacuation
[2022-01-06T11:35:40.701-0900][gc,phases    ] GC(1)   Pre Evacuate Collection Set: 0.1ms
[2022-01-06T11:35:40.701-0900][gc,phases    ] GC(1)   Merge Heap Roots: 0.0ms
[2022-01-06T11:35:40.701-0900][gc,phases    ] GC(1)   Evacuate Collection Set: 8.2ms
[2022-01-06T11:35:40.701-0900][gc,phases    ] GC(1)   Post Evacuate Collection Set: 0.2ms
[2022-01-06T11:35:40.701-0900][gc,phases    ] GC(1)   Other: 0.2ms
[2022-01-06T11:35:40.701-0900][gc,heap      ] GC(1) Eden regions: 32->0(49)
[2022-01-06T11:35:40.701-0900][gc,heap      ] GC(1) Survivor regions: 7->2(7)
[2022-01-06T11:35:40.701-0900][gc,heap      ] GC(1) Old regions: 0->7
[2022-01-06T11:35:40.701-0900][gc,heap      ] GC(1) Archive regions: 2->2
[2022-01-06T11:35:40.701-0900][gc,heap      ] GC(1) Humongous regions: 0->0
[2022-01-06T11:35:40.701-0900][gc,metaspace ] GC(1) Metaspace: 20592K(21296K)->20592K(21296K) NonClass: 18010K(18432K)->18010K(18432K) Class: 2582K(2864K)->2582K(2864K)
[2022-01-06T11:35:40.701-0900][gc           ] GC(1) Pause Young (Concurrent Start) (Metadata GC Threshold) 39M->8M(1024M) 8.797ms
[2022-01-06T11:35:40.701-0900][gc,cpu       ] GC(1) User=0.02s Sys=0.01s Real=0.01s
[2022-01-06T11:35:40.701-0900][gc           ] GC(2) Concurrent Cycle
[2022-01-06T11:35:40.701-0900][gc,marking   ] GC(2) Concurrent Clear Claimed Marks
[2022-01-06T11:35:40.701-0900][gc,marking   ] GC(2) Concurrent Clear Claimed Marks 0.019ms
[2022-01-06T11:35:40.701-0900][gc,marking   ] GC(2) Concurrent Scan Root Regions
[2022-01-06T11:35:40.703-0900][gc,marking   ] GC(2) Concurrent Scan Root Regions 2.226ms
[2022-01-06T11:35:40.703-0900][gc,marking   ] GC(2) Concurrent Mark (1.850s)
[2022-01-06T11:35:40.704-0900][gc,marking   ] GC(2) Concurrent Mark From Roots
[2022-01-06T11:35:40.704-0900][gc,task      ] GC(2) Using 2 workers of 2 for marking
[2022-01-06T11:35:40.705-0900][gc,marking   ] GC(2) Concurrent Mark From Roots 0.726ms
[2022-01-06T11:35:40.705-0900][gc,marking   ] GC(2) Concurrent Preclean
[2022-01-06T11:35:40.705-0900][gc,marking   ] GC(2) Concurrent Preclean 0.027ms
[2022-01-06T11:35:40.705-0900][gc,marking   ] GC(2) Concurrent Mark (1.850s, 1.851s) 1.125ms
[2022-01-06T11:35:40.705-0900][gc,start     ] GC(2) Pause Remark
[2022-01-06T11:35:40.710-0900][gc           ] GC(2) Pause Remark 8M->8M(1024M) 5.113ms
[2022-01-06T11:35:40.710-0900][gc,cpu       ] GC(2) User=0.00s Sys=0.00s Real=0.01s
[2022-01-06T11:35:40.710-0900][gc,marking   ] GC(2) Concurrent Rebuild Remembered Sets
[2022-01-06T11:35:40.712-0900][gc,marking   ] GC(2) Concurrent Rebuild Remembered Sets 1.496ms
[2022-01-06T11:35:40.712-0900][gc,start     ] GC(2) Pause Cleanup
[2022-01-06T11:35:40.712-0900][gc           ] GC(2) Pause Cleanup 8M->8M(1024M) 0.083ms
[2022-01-06T11:35:40.712-0900][gc,cpu       ] GC(2) User=0.00s Sys=0.00s Real=0.00s
[2022-01-06T11:35:40.712-0900][gc,marking   ] GC(2) Concurrent Cleanup for Next Mark
[2022-01-06T11:35:40.716-0900][gc,marking   ] GC(2) Concurrent Cleanup for Next Mark 3.592ms
[2022-01-06T11:35:40.716-0900][gc           ] GC(2) Concurrent Cycle 14.653ms
[2022-01-06T11:35:42.570-0900][gc,start     ] GC(3) Pause Young (Normal) (G1 Evacuation Pause)
[2022-01-06T11:35:42.570-0900][gc,task      ] GC(3) Using 8 workers of 8 for evacuation
[2022-01-06T11:35:42.572-0900][gc,phases    ] GC(3)   Pre Evacuate Collection Set: 0.1ms
[2022-01-06T11:35:42.572-0900][gc,phases    ] GC(3)   Merge Heap Roots: 0.0ms
[2022-01-06T11:35:42.572-0900][gc,phases    ] GC(3)   Evacuate Collection Set: 2.0ms
[2022-01-06T11:35:42.572-0900][gc,phases    ] GC(3)   Post Evacuate Collection Set: 0.2ms
[2022-01-06T11:35:42.572-0900][gc,phases    ] GC(3)   Other: 0.1ms
[2022-01-06T11:35:42.573-0900][gc,heap      ] GC(3) Eden regions: 49->0(48)
[2022-01-06T11:35:42.573-0900][gc,heap      ] GC(3) Survivor regions: 2->3(7)
[2022-01-06T11:35:42.573-0900][gc,heap      ] GC(3) Old regions: 7->7
[2022-01-06T11:35:42.573-0900][gc,heap      ] GC(3) Archive regions: 2->2
[2022-01-06T11:35:42.573-0900][gc,heap      ] GC(3) Humongous regions: 129->129
[2022-01-06T11:35:42.573-0900][gc,metaspace ] GC(3) Metaspace: 28468K(29744K)->28468K(29744K) NonClass: 25096K(25856K)->25096K(25856K) Class: 3372K(3888K)->3372K(3888K)
[2022-01-06T11:35:42.573-0900][gc           ] GC(3) Pause Young (Normal) (G1 Evacuation Pause) 186M->138M(1024M) 2.508ms
[2022-01-06T11:35:42.573-0900][gc,cpu       ] GC(3) User=0.01s Sys=0.01s Real=0.00s
[2022-01-06T11:35:46.447-0900][gc,heap,exit ] Heap
[2022-01-06T11:35:46.448-0900][gc,heap,exit ]  garbage-first heap   total 1048576K, used 173971K [0x00000007c0000000, 0x0000000800000000)
[2022-01-06T11:35:46.448-0900][gc,heap,exit ]   region size 1024K, 36 young (36864K), 3 survivors (3072K)
[2022-01-06T11:35:46.448-0900][gc,heap,exit ]  Metaspace       used 32549K, capacity 33814K, committed 34096K, reserved 1079296K
[2022-01-06T11:35:46.448-0900][gc,heap,exit ]   class space    used 4019K, capacity 4621K, committed 4656K, reserved 1048576K
