[2022-01-06T11:16:32.115-0900][gc,heap] Heap region size: 1M
[2022-01-06T11:16:32.115-0900][gc,heap,coops] Heap address: 0x00000007e0000000, size: 512 MB, Compressed Oops mode: Zero based, Oop shift amount: 3
[2022-01-06T11:16:32.118-0900][gc           ] Using G1
[2022-01-06T11:16:32.119-0900][gc,cds       ] Mark closed archive regions in map: [0x00000007fff00000, 0x00000007fff7bff8]
[2022-01-06T11:16:32.119-0900][gc,cds       ] Mark open archive regions in map: [0x00000007ffe00000, 0x00000007ffe51ff8]
[2022-01-06T11:16:32.137-0900][gc           ] Periodic GC disabled
[2022-01-06T11:16:33.142-0900][gc,heap,exit ] Heap
[2022-01-06T11:16:33.142-0900][gc,heap,exit ]  garbage-first heap   total 524288K, used 23352K [0x00000007e0000000, 0x0000000800000000)
[2022-01-06T11:16:33.142-0900][gc,heap,exit ]   region size 1024K, 23 young (23552K), 0 survivors (0K)
[2022-01-06T11:16:33.142-0900][gc,heap,exit ]  Metaspace       used 6866K, capacity 7194K, committed 7296K, reserved 1056768K
[2022-01-06T11:16:33.142-0900][gc,heap,exit ]   class space    used 789K, capacity 872K, committed 896K, reserved 1048576K
