[2022-01-06T11:36:18.367-0900][gc,heap] Heap region size: 1M
[2022-01-06T11:36:18.368-0900][gc,heap,coops] Heap address: 0x00000007c0000000, size: 1024 MB, Compressed Oops mode: Zero based, Oop shift amount: 3
[2022-01-06T11:36:18.374-0900][gc           ] Using G1
[2022-01-06T11:36:18.374-0900][gc,cds       ] Mark closed archive regions in map: [0x00000007fff00000, 0x00000007fff7bff8]
[2022-01-06T11:36:18.374-0900][gc,cds       ] Mark open archive regions in map: [0x00000007ffe00000, 0x00000007ffe51ff8]
[2022-01-06T11:36:18.391-0900][gc           ] Periodic GC disabled
[2022-01-06T11:36:19.414-0900][gc,start     ] GC(0) Pause Young (Normal) (GCLocker Initiated GC)
[2022-01-06T11:36:19.414-0900][gc,task      ] GC(0) Using 8 workers of 8 for evacuation
[2022-01-06T11:36:19.423-0900][gc,phases    ] GC(0)   Pre Evacuate Collection Set: 0.1ms
[2022-01-06T11:36:19.423-0900][gc,phases    ] GC(0)   Merge Heap Roots: 0.0ms
[2022-01-06T11:36:19.423-0900][gc,phases    ] GC(0)   Evacuate Collection Set: 7.9ms
[2022-01-06T11:36:19.423-0900][gc,phases    ] GC(0)   Post Evacuate Collection Set: 0.3ms
[2022-01-06T11:36:19.423-0900][gc,phases    ] GC(0)   Other: 0.5ms
[2022-01-06T11:36:19.423-0900][gc,heap      ] GC(0) Eden regions: 51->0(44)
[2022-01-06T11:36:19.423-0900][gc,heap      ] GC(0) Survivor regions: 0->7(7)
[2022-01-06T11:36:19.423-0900][gc,heap      ] GC(0) Old regions: 0->0
[2022-01-06T11:36:19.423-0900][gc,heap      ] GC(0) Archive regions: 2->2
[2022-01-06T11:36:19.423-0900][gc,heap      ] GC(0) Humongous regions: 0->0
[2022-01-06T11:36:19.423-0900][gc,metaspace ] GC(0) Metaspace: 14005K(14848K)->14005K(14848K) NonClass: 12233K(12800K)->12233K(12800K) Class: 1772K(2048K)->1772K(2048K)
[2022-01-06T11:36:19.423-0900][gc           ] GC(0) Pause Young (Normal) (GCLocker Initiated GC) 51M->6M(1024M) 8.965ms
[2022-01-06T11:36:19.423-0900][gc,cpu       ] GC(0) User=0.01s Sys=0.01s Real=0.01s
[2022-01-06T11:36:20.166-0900][gc,start     ] GC(1) Pause Young (Concurrent Start) (Metadata GC Threshold)
[2022-01-06T11:36:20.166-0900][gc,task      ] GC(1) Using 8 workers of 8 for evacuation
[2022-01-06T11:36:20.176-0900][gc,phases    ] GC(1)   Pre Evacuate Collection Set: 0.1ms
[2022-01-06T11:36:20.176-0900][gc,phases    ] GC(1)   Merge Heap Roots: 0.0ms
[2022-01-06T11:36:20.176-0900][gc,phases    ] GC(1)   Evacuate Collection Set: 9.1ms
[2022-01-06T11:36:20.176-0900][gc,phases    ] GC(1)   Post Evacuate Collection Set: 0.4ms
[2022-01-06T11:36:20.176-0900][gc,phases    ] GC(1)   Other: 0.2ms
[2022-01-06T11:36:20.176-0900][gc,heap      ] GC(1) Eden regions: 32->0(49)
[2022-01-06T11:36:20.176-0900][gc,heap      ] GC(1) Survivor regions: 7->2(7)
[2022-01-06T11:36:20.176-0900][gc,heap      ] GC(1) Old regions: 0->7
[2022-01-06T11:36:20.176-0900][gc,heap      ] GC(1) Archive regions: 2->2
[2022-01-06T11:36:20.176-0900][gc,heap      ] GC(1) Humongous regions: 0->0
[2022-01-06T11:36:20.176-0900][gc,metaspace ] GC(1) Metaspace: 20594K(21296K)->20594K(21296K) NonClass: 18011K(18432K)->18011K(18432K) Class: 2582K(2864K)->2582K(2864K)
[2022-01-06T11:36:20.176-0900][gc           ] GC(1) Pause Young (Concurrent Start) (Metadata GC Threshold) 38M->8M(1024M) 9.880ms
[2022-01-06T11:36:20.176-0900][gc,cpu       ] GC(1) User=0.02s Sys=0.01s Real=0.01s
[2022-01-06T11:36:20.176-0900][gc           ] GC(2) Concurrent Cycle
[2022-01-06T11:36:20.176-0900][gc,marking   ] GC(2) Concurrent Clear Claimed Marks
[2022-01-06T11:36:20.176-0900][gc,marking   ] GC(2) Concurrent Clear Claimed Marks 0.020ms
[2022-01-06T11:36:20.176-0900][gc,marking   ] GC(2) Concurrent Scan Root Regions
[2022-01-06T11:36:20.178-0900][gc,marking   ] GC(2) Concurrent Scan Root Regions 1.862ms
[2022-01-06T11:36:20.178-0900][gc,marking   ] GC(2) Concurrent Mark (1.818s)
[2022-01-06T11:36:20.179-0900][gc,marking   ] GC(2) Concurrent Mark From Roots
[2022-01-06T11:36:20.179-0900][gc,task      ] GC(2) Using 2 workers of 2 for marking
[2022-01-06T11:36:20.179-0900][gc,marking   ] GC(2) Concurrent Mark From Roots 0.800ms
[2022-01-06T11:36:20.179-0900][gc,marking   ] GC(2) Concurrent Preclean
[2022-01-06T11:36:20.179-0900][gc,marking   ] GC(2) Concurrent Preclean 0.029ms
[2022-01-06T11:36:20.179-0900][gc,marking   ] GC(2) Concurrent Mark (1.818s, 1.819s) 1.085ms
[2022-01-06T11:36:20.180-0900][gc,start     ] GC(2) Pause Remark
[2022-01-06T11:36:20.185-0900][gc           ] GC(2) Pause Remark 9M->9M(1024M) 4.947ms
[2022-01-06T11:36:20.185-0900][gc,cpu       ] GC(2) User=0.01s Sys=0.00s Real=0.00s
[2022-01-06T11:36:20.185-0900][gc,marking   ] GC(2) Concurrent Rebuild Remembered Sets
[2022-01-06T11:36:20.194-0900][gc,marking   ] GC(2) Concurrent Rebuild Remembered Sets 8.364ms
[2022-01-06T11:36:20.194-0900][gc,start     ] GC(2) Pause Cleanup
[2022-01-06T11:36:20.194-0900][gc           ] GC(2) Pause Cleanup 9M->9M(1024M) 0.076ms
[2022-01-06T11:36:20.194-0900][gc,cpu       ] GC(2) User=0.00s Sys=0.00s Real=0.00s
[2022-01-06T11:36:20.194-0900][gc,marking   ] GC(2) Concurrent Cleanup for Next Mark
[2022-01-06T11:36:20.197-0900][gc,marking   ] GC(2) Concurrent Cleanup for Next Mark 3.082ms
[2022-01-06T11:36:20.197-0900][gc           ] GC(2) Concurrent Cycle 20.988ms
[2022-01-06T11:36:21.033-0900][gc,start     ] GC(3) Pause Young (Normal) (G1 Evacuation Pause)
[2022-01-06T11:36:21.033-0900][gc,task      ] GC(3) Using 8 workers of 8 for evacuation
[2022-01-06T11:36:21.036-0900][gc,phases    ] GC(3)   Pre Evacuate Collection Set: 0.1ms
[2022-01-06T11:36:21.036-0900][gc,phases    ] GC(3)   Merge Heap Roots: 0.1ms
[2022-01-06T11:36:21.036-0900][gc,phases    ] GC(3)   Evacuate Collection Set: 2.5ms
[2022-01-06T11:36:21.036-0900][gc,phases    ] GC(3)   Post Evacuate Collection Set: 0.4ms
[2022-01-06T11:36:21.036-0900][gc,phases    ] GC(3)   Other: 0.1ms
[2022-01-06T11:36:21.036-0900][gc,heap      ] GC(3) Eden regions: 49->0(47)
[2022-01-06T11:36:21.036-0900][gc,heap      ] GC(3) Survivor regions: 2->4(7)
[2022-01-06T11:36:21.036-0900][gc,heap      ] GC(3) Old regions: 7->7
[2022-01-06T11:36:21.036-0900][gc,heap      ] GC(3) Archive regions: 2->2
[2022-01-06T11:36:21.036-0900][gc,heap      ] GC(3) Humongous regions: 129->129
[2022-01-06T11:36:21.036-0900][gc,metaspace ] GC(3) Metaspace: 28734K(30000K)->28734K(30000K) NonClass: 25324K(26112K)->25324K(26112K) Class: 3409K(3888K)->3409K(3888K)
[2022-01-06T11:36:21.036-0900][gc           ] GC(3) Pause Young (Normal) (G1 Evacuation Pause) 186M->139M(1024M) 3.264ms
[2022-01-06T11:36:21.036-0900][gc,cpu       ] GC(3) User=0.01s Sys=0.00s Real=0.00s
[2022-01-06T11:36:21.537-0900][gc,start     ] GC(4) Pause Young (Concurrent Start) (Metadata GC Threshold)
[2022-01-06T11:36:21.537-0900][gc,task      ] GC(4) Using 8 workers of 8 for evacuation
[2022-01-06T11:36:21.541-0900][gc,phases    ] GC(4)   Pre Evacuate Collection Set: 0.1ms
[2022-01-06T11:36:21.541-0900][gc,phases    ] GC(4)   Merge Heap Roots: 0.0ms
[2022-01-06T11:36:21.541-0900][gc,phases    ] GC(4)   Evacuate Collection Set: 3.6ms
[2022-01-06T11:36:21.541-0900][gc,phases    ] GC(4)   Post Evacuate Collection Set: 0.3ms
[2022-01-06T11:36:21.541-0900][gc,phases    ] GC(4)   Other: 0.1ms
[2022-01-06T11:36:21.541-0900][gc,heap      ] GC(4) Eden regions: 40->0(44)
[2022-01-06T11:36:21.541-0900][gc,heap      ] GC(4) Survivor regions: 4->7(7)
[2022-01-06T11:36:21.541-0900][gc,heap      ] GC(4) Old regions: 7->7
[2022-01-06T11:36:21.541-0900][gc,heap      ] GC(4) Archive regions: 2->2
[2022-01-06T11:36:21.541-0900][gc,heap      ] GC(4) Humongous regions: 129->129
[2022-01-06T11:36:21.541-0900][gc,metaspace ] GC(4) Metaspace: 34605K(35920K)->34605K(35920K) NonClass: 30454K(31136K)->30454K(31136K) Class: 4151K(4784K)->4151K(4784K)
[2022-01-06T11:36:21.541-0900][gc           ] GC(4) Pause Young (Concurrent Start) (Metadata GC Threshold) 178M->143M(1024M) 4.286ms
[2022-01-06T11:36:21.541-0900][gc,cpu       ] GC(4) User=0.02s Sys=0.00s Real=0.01s
[2022-01-06T11:36:21.541-0900][gc           ] GC(5) Concurrent Cycle
[2022-01-06T11:36:21.541-0900][gc,marking   ] GC(5) Concurrent Clear Claimed Marks
[2022-01-06T11:36:21.541-0900][gc,marking   ] GC(5) Concurrent Clear Claimed Marks 0.026ms
[2022-01-06T11:36:21.541-0900][gc,marking   ] GC(5) Concurrent Scan Root Regions
[2022-01-06T11:36:21.544-0900][gc,marking   ] GC(5) Concurrent Scan Root Regions 2.365ms
[2022-01-06T11:36:21.544-0900][gc,marking   ] GC(5) Concurrent Mark (3.183s)
[2022-01-06T11:36:21.544-0900][gc,marking   ] GC(5) Concurrent Mark From Roots
[2022-01-06T11:36:21.544-0900][gc,task      ] GC(5) Using 2 workers of 2 for marking
[2022-01-06T11:36:21.549-0900][gc,marking   ] GC(5) Concurrent Mark From Roots 5.153ms
[2022-01-06T11:36:21.549-0900][gc,marking   ] GC(5) Concurrent Preclean
[2022-01-06T11:36:21.549-0900][gc,marking   ] GC(5) Concurrent Preclean 0.048ms
[2022-01-06T11:36:21.549-0900][gc,marking   ] GC(5) Concurrent Mark (3.183s, 3.189s) 5.248ms
[2022-01-06T11:36:21.550-0900][gc,start     ] GC(5) Pause Remark
[2022-01-06T11:36:21.560-0900][gc           ] GC(5) Pause Remark 143M->143M(1024M) 9.904ms
[2022-01-06T11:36:21.560-0900][gc,cpu       ] GC(5) User=0.01s Sys=0.01s Real=0.01s
[2022-01-06T11:36:21.560-0900][gc,marking   ] GC(5) Concurrent Rebuild Remembered Sets
[2022-01-06T11:36:21.564-0900][gc,marking   ] GC(5) Concurrent Rebuild Remembered Sets 4.141ms
[2022-01-06T11:36:21.565-0900][gc,start     ] GC(5) Pause Cleanup
[2022-01-06T11:36:21.565-0900][gc           ] GC(5) Pause Cleanup 144M->144M(1024M) 0.077ms
[2022-01-06T11:36:21.565-0900][gc,cpu       ] GC(5) User=0.00s Sys=0.00s Real=0.00s
[2022-01-06T11:36:21.565-0900][gc,marking   ] GC(5) Concurrent Cleanup for Next Mark
[2022-01-06T11:36:21.573-0900][gc,marking   ] GC(5) Concurrent Cleanup for Next Mark 7.951ms
[2022-01-06T11:36:21.573-0900][gc           ] GC(5) Concurrent Cycle 31.342ms
[2022-01-06T11:37:58.581-0900][gc,heap,exit ] Heap
[2022-01-06T11:37:58.581-0900][gc,heap,exit ]  garbage-first heap   total 1048576K, used 193674K [0x00000007c0000000, 0x0000000800000000)
[2022-01-06T11:37:58.581-0900][gc,heap,exit ]   region size 1024K, 48 young (49152K), 7 survivors (7168K)
[2022-01-06T11:37:58.581-0900][gc,heap,exit ]  Metaspace       used 39991K, capacity 42155K, committed 42320K, reserved 1085440K
[2022-01-06T11:37:58.581-0900][gc,heap,exit ]   class space    used 5215K, capacity 6250K, committed 6320K, reserved 1048576K
