[2022-01-06T11:23:40.802-0900][gc,heap] Heap region size: 1M
[2022-01-06T11:23:40.802-0900][gc,heap,coops] Heap address: 0x00000007e0000000, size: 512 MB, Compressed Oops mode: Zero based, Oop shift amount: 3
[2022-01-06T11:23:40.806-0900][gc           ] Using G1
[2022-01-06T11:23:40.806-0900][gc,cds       ] Mark closed archive regions in map: [0x00000007fff00000, 0x00000007fff7bff8]
[2022-01-06T11:23:40.806-0900][gc,cds       ] Mark open archive regions in map: [0x00000007ffe00000, 0x00000007ffe51ff8]
[2022-01-06T11:23:40.827-0900][gc           ] Periodic GC disabled
[2022-01-06T11:23:41.589-0900][gc,start     ] GC(0) Pause Young (Normal) (G1 Evacuation Pause)
[2022-01-06T11:23:41.590-0900][gc,task      ] GC(0) Using 8 workers of 8 for evacuation
[2022-01-06T11:23:41.598-0900][gc,phases    ] GC(0)   Pre Evacuate Collection Set: 0.1ms
[2022-01-06T11:23:41.598-0900][gc,phases    ] GC(0)   Merge Heap Roots: 0.0ms
[2022-01-06T11:23:41.598-0900][gc,phases    ] GC(0)   Evacuate Collection Set: 8.0ms
[2022-01-06T11:23:41.598-0900][gc,phases    ] GC(0)   Post Evacuate Collection Set: 0.4ms
[2022-01-06T11:23:41.599-0900][gc,phases    ] GC(0)   Other: 1.0ms
[2022-01-06T11:23:41.599-0900][gc,heap      ] GC(0) Eden regions: 25->0(21)
[2022-01-06T11:23:41.599-0900][gc,heap      ] GC(0) Survivor regions: 0->4(4)
[2022-01-06T11:23:41.599-0900][gc,heap      ] GC(0) Old regions: 0->3
[2022-01-06T11:23:41.599-0900][gc,heap      ] GC(0) Archive regions: 2->2
[2022-01-06T11:23:41.599-0900][gc,heap      ] GC(0) Humongous regions: 0->0
[2022-01-06T11:23:41.599-0900][gc,metaspace ] GC(0) Metaspace: 7145K(7680K)->7145K(7680K) NonClass: 6332K(6656K)->6332K(6656K) Class: 813K(1024K)->813K(1024K)
[2022-01-06T11:23:41.599-0900][gc           ] GC(0) Pause Young (Normal) (G1 Evacuation Pause) 25M->7M(512M) 9.186ms
[2022-01-06T11:23:41.599-0900][gc,cpu       ] GC(0) User=0.01s Sys=0.00s Real=0.01s
[2022-01-06T11:35:28.258-0900][gc,heap,exit ] Heap
[2022-01-06T11:35:28.259-0900][gc,heap,exit ]  garbage-first heap   total 524288K, used 21036K [0x00000007e0000000, 0x0000000800000000)
[2022-01-06T11:35:28.259-0900][gc,heap,exit ]   region size 1024K, 18 young (18432K), 4 survivors (4096K)
[2022-01-06T11:35:28.259-0900][gc,heap,exit ]  Metaspace       used 8760K, capacity 9128K, committed 9344K, reserved 1056768K
[2022-01-06T11:35:28.259-0900][gc,heap,exit ]   class space    used 957K, capacity 1070K, committed 1152K, reserved 1048576K
